// Jest Snapshot v1, https://goo.gl/fbAQLP

exports[`MainContentLayout renders correctly 1`] = `
<main
  class="main-layout"
/>
`;
