// Jest Snapshot v1, https://goo.gl/fbAQLP

exports[`MediaCard renders correctly 1`] = `
<div
  class="media-card"
  mocks="[object Object]"
>
  <!---->
</div>
`;
